// Jest Snapshot v1, https://goo.gl/fbAQLP

exports[`should render MainPage correctly 1`] = `
<Fragment>
  <div
    className="mainPage"
  >
    <h1
      className="askPhoneTurn font_white_shadow"
    >
      Rotate screen to landscape mode
      <br />
      ⤵
    </h1>
    <Calendar
      className="calendar calendarMain"
      maxDetail="month"
      minDetail="century"
      onChange={[Function]}
      returnValue="start"
      showNavigation={true}
      showNeighboringMonth={true}
      value={1970-01-01T00:00:00.000Z}
      view="month"
    />
    <div
      className="notesMain"
    >
      <AreaNotes
        dayObject={
          Object {
            "date": "31-12-1969",
            "history": Array [],
            "notes": "",
          }
        }
        notesValue=""
        type="DAY_DATA"
      />
    </div>
    <div
      className="newProfileField"
    >
      <FormData
        baseValue=""
        formLabel="Новый профиль:"
        route={
          Object {
            "push": [MockFunction],
          }
        }
        type="NEW_PERSON"
      />
    </div>
    <div
      className="newCodeField"
    >
      <CodeScanner
        date="31-12-1969"
        dayObject={
          Object {
            "date": "31-12-1969",
            "history": Array [],
            "notes": "",
          }
        }
      />
    </div>
  </div>
  <div
    className="tableMain"
  >
    <t
      AggregatedComponent={[Function]}
      ExpanderComponent={[Function]}
      FilterComponent={[Function]}
      LoadingComponent={[Function]}
      NoDataComponent={[Function]}
      PadRowComponent={[Function]}
      PaginationComponent={[Function]}
      PivotValueComponent={[Function]}
      ResizerComponent={[Function]}
      TableComponent={[Function]}
      TbodyComponent={[Function]}
      TdComponent={[Function]}
      TfootComponent={[Function]}
      ThComponent={[Function]}
      TheadComponent={[Function]}
      TrComponent={[Function]}
      TrGroupComponent={[Function]}
      aggregatedKey="_aggregated"
      className="table -striped -highlight"
      collapseOnDataChange={true}
      collapseOnPageChange={true}
      collapseOnSortingChange={true}
      column={
        Object {
          "Aggregated": undefined,
          "Cell": undefined,
          "Expander": undefined,
          "Filter": undefined,
          "Footer": undefined,
          "Header": undefined,
          "Pivot": undefined,
          "PivotValue": undefined,
          "Placeholder": undefined,
          "aggregate": undefined,
          "className": "",
          "filterAll": false,
          "filterMethod": undefined,
          "filterable": undefined,
          "footerClassName": "",
          "footerStyle": Object {},
          "getFooterProps": [Function],
          "getHeaderProps": [Function],
          "getProps": [Function],
          "headerClassName": "",
          "headerStyle": Object {},
          "minResizeWidth": 11,
          "minWidth": 100,
          "resizable": undefined,
          "show": true,
          "sortMethod": undefined,
          "sortable": undefined,
          "style": Object {},
        }
      }
      columns={
        Array [
          Object {
            "Cell": [Function],
            "Header": "Фото",
            "accessor": "code",
            "headerClassName": "tableHeader",
            "width": 205,
          },
          Object {
            "Cell": [Function],
            "Header": "Имя",
            "accessor": "code",
            "headerClassName": "tableHeader",
            "style": Object {
              "whiteSpace": "unset",
            },
            "width": 614,
          },
          Object {
            "Header": "Время",
            "accessor": "time",
            "headerClassName": "tableHeader",
            "width": 205,
          },
        ]
      }
      data={Array []}
      defaultExpanded={Object {}}
      defaultFilterMethod={[Function]}
      defaultFiltered={Array []}
      defaultPage={0}
      defaultPageSize={5}
      defaultResized={Array []}
      defaultSortDesc={false}
      defaultSortMethod={[Function]}
      defaultSorted={
        Array [
          Object {
            "desc": true,
            "id": "time",
          },
        ]
      }
      expanderDefaults={
        Object {
          "filterable": false,
          "resizable": false,
          "sortable": false,
          "width": 35,
        }
      }
      filterable={false}
      freezeWhenExpanded={false}
      getLoadingProps={[Function]}
      getNoDataProps={[Function]}
      getPaginationProps={[Function]}
      getProps={[Function]}
      getResizerProps={[Function]}
      getTableProps={[Function]}
      getTbodyProps={[Function]}
      getTdProps={[Function]}
      getTfootProps={[Function]}
      getTfootTdProps={[Function]}
      getTfootTrProps={[Function]}
      getTheadFilterProps={[Function]}
      getTheadFilterThProps={[Function]}
      getTheadFilterTrProps={[Function]}
      getTheadGroupProps={[Function]}
      getTheadGroupThProps={[Function]}
      getTheadGroupTrProps={[Function]}
      getTheadProps={[Function]}
      getTheadThProps={[Function]}
      getTheadTrProps={[Function]}
      getTrGroupProps={[Function]}
      getTrProps={[Function]}
      groupedByPivotKey="_groupedByPivot"
      indexKey="_index"
      loading={false}
      loadingText="Загрузка"
      multiSort={true}
      nestingLevelKey="_nestingLevel"
      nextText="Вперед"
      noDataText="Нет данных"
      ofText="из"
      onFetchData={[Function]}
      originalKey="_original"
      pageJumpText="jump to page"
      pageSizeOptions={
        Array [
          5,
          10,
          20,
          25,
          50,
          100,
        ]
      }
      pageText="Страница"
      pivotDefaults={Object {}}
      pivotIDKey="_pivotID"
      pivotValKey="_pivotVal"
      previousText="Назад"
      resizable={true}
      resolveData={[Function]}
      rowsSelectorText="rows per page"
      rowsText="профилей"
      showPageJump={true}
      showPageSizeOptions={true}
      showPagination={true}
      showPaginationBottom={true}
      showPaginationTop={false}
      sortable={true}
      style={Object {}}
      subRowsKey="_subRows"
    />
  </div>
</Fragment>
`;
